[colab] Parsing notebook '/home/kurt/colab-runs/tabdpt-classifier-pipeline-ff8415b-756b64/tabdpt_classifier_artifact_inference_colab_ff8415b_colab-cli-t4.ipynb'...
[colab] Executing cell 1/9 - Infrastructure: check the runtime, accelerator and disk; create (or keep) the run directory...
{'accelerator': 'Tesla T4, 15360 MiB', 'kernel_python': '3.13.15', 'run_directory': '/content/dimer_runs/tabdpt_classifier_artifact_inference/1da84e9b607d', 'outputs': '/content/outputs', 'weights': '/content/weights', 'environment_root': '/tmp/dimer_uv', 'free_gib': {'weights': 193.3, 'environment': 193.3}}
[colab] Executing cell 2/9 - Infrastructure: write and verify the carried package, stage runner, lock, manifest and samples...
{'carried_files': 13, 'verified': True, 'repository': 'kurtvalcorza/tabdpt-classifier-pipeline', 'revision': '196339361b51c785c3a4b24e830000f31184aa0d', 'generator': 'build_notebook.py/3.0-tabular'}
[colab] Executing cell 3/9 - Infrastructure: build (or reuse) the isolated locked environment and define the stage runner...
{'notebook_source': '196339361b51c785c3a4b24e830000f31184aa0d', 'python': '3.12.12', 'torch': '2.7.1', 'tabdpt': '1.2.0', 'numpy': '2.3.0', 'pandas': '2.3.2', 'scikit-learn': '1.7.0', 'cuda': True, 'locked_packages': 55, 'environment': '/tmp/dimer_uv/venv-ed8165814d559796', 'environment_reused': False, 'setup_seconds': 74}
[colab] Executing cell 4/9 - Infrastructure: stage and digest-verify the pinned checkpoint...
Running stage 'weights' in the isolated environment; log: /content/dimer_runs/tabdpt_classifier_artifact_inference/1da84e9b607d/logs/weights.log
{'model_id': 'Layer6/TabDPT', 'revision': '4462ffbd1d8dea25d4862d30beed4b70cd596ae5', 'license': 'apache-2.0', 'files': 1, 'total_bytes': 254098072}
{'weights_dir': '/content/weights/tabdpt-1.2', 'fetched': ['tabdpt1_2.safetensors']}
{'verified_files': 1, 'revision': '4462ffbd1d8dea25d4862d30beed4b70cd596ae5', 'sha256': ['06680220fd66c4524051706b98c1c659a674d19d3a766cd0bb276505e99faccd']}
[colab] Executing cell 5/9 - tabdpt_classifier_artifact_inference-14...
Running stage 'artifact' in the isolated environment; log: /content/dimer_runs/tabdpt_classifier_artifact_inference/1da84e9b607d/logs/artifact.log
{'source': 'sample', 'trusted_digest': 'verified', 'artifact_sha256': 'b70144fd9a77ba69b0bafa655eb9874d2a8ece65315f7aadb93e0f8d4dfb5fc2', 'format': 'tabdpt-dimer-context-v3', 'formatVersion': 3, 'artifactSemantics': 'support-context-plus-pinned-base-model'}
{
  "filename": "tabdpt1_2.safetensors",
  "repo": "Layer6/TabDPT",
  "revision": "4462ffbd1d8dea25d4862d30beed4b70cd596ae5",
  "sha256": "06680220fd66c4524051706b98c1c659a674d19d3a766cd0bb276505e99faccd",
  "upstreamCodeCommit": "9cfb05e0a6bc380ae6c99c08adc8d50dacd4f246"
}
{'classLabels': ['benign', 'malignant'], 'featureCount': 30, 'categoricalColumns': [], 'contextRows': 455, 'contextClassCounts': {'benign': 285, 'malignant': 170}, 'contextBytes': 119860, 'contextSha256': '9964a1377bd01c211455e78a0e8eb1629750c4f8c55ffb744c854e3a6b256b90'}
[colab] Executing cell 6/9 - tabdpt_classifier_artifact_inference-17...
Running stage 'reconstruct' in the isolated environment; log: /content/dimer_runs/tabdpt_classifier_artifact_inference/1da84e9b607d/logs/reconstruct.log
{'target': 'target', 'classLabels': ['benign', 'malignant'], 'encodedFeatureCount': 30, 'modelFeatureCeiling': 128, 'featureReduction': 'pca', 'featureReductionActive': False, 'preprocessingRestoredWithoutRefit': True, 'baseWeight': '/content/weights/tabdpt-1.2/tabdpt1_2.safetensors'}
[colab] Executing cell 7/9 - tabdpt_classifier_artifact_inference-20...
Running stage 'rows' in the isolated environment; log: /content/dimer_runs/tabdpt_classifier_artifact_inference/1da84e9b607d/logs/rows.log
{'ceilings': {'MIN_CLASSES': 2, 'DECISION_RULE': 'argmax', 'featureColumns': 30}}
{
  "schema": {
    "input": "pandas.DataFrame, one row per example; feature columns of any dtype plus, for fit/evaluate, a target column",
    "columns": "unique column names; `drop_columns` are removed before encoding",
    "target": "no missing values; labels are compared as strings and sorted to define the class order",
    "classes": [
      2,
      null
    ],
    "features": [
      1,
      null
    ],
    "inference_input": "exactly the fitted feature columns (after `drop_columns`), no target or output columns",
    "preprocessing": "numeric columns are kept (NaN passes to TabDPT's support-fitted mean imputer); other columns are mapped to fitted integer codes with dedicated missing and unknown codes; upstream standardisation and any PCA basis are fitted on the support rows and reused at inference"
  },
  "inputs": [
    {
      "id": "new_rows.csv",
      "mode": "inference",
      "rows": 8,
      "feature_columns": [
        "mean radius",
        "mean texture",
        "mean perimeter",
        "mean area",
        "mean smoothness",
        "mean compactness",
        "mean concavity",
        "mean concave points",
        "mean symmetry",
        "mean fractal dimension",
        "radius error",
        "texture error",
        "perimeter error",
        "area error",
        "smoothness error",
        "compactness error",
        "concavity error",
        "concave points error",
        "symmetry error",
        "fractal dimension error",
        "worst radius",
        "worst texture",
        "worst perimeter",
        "worst area",
        "worst smoothness",
        "worst compactness",
        "worst concavity",
        "worst concave points",
        "worst symmetry",
        "worst fractal dimension"
      ],
      "missing_value_columns": {}
    }
  ],
  "target_column": null,
  "drop_columns": [],
  "verdict": "accepted",
  "findings": [
    {
      "input": "missing-column-probe",
      "verdict": "rejected",
      "message": "Feature schema mismatch; missing=['mean radius'], extra=[]"
    }
  ],
  "model_id": "Layer6/TabDPT",
  "model_revision": "4462ffbd1d8dea25d4862d30beed4b70cd596ae5",
  "id_columns": [
    "row_id"
  ]
}
[colab] Executing cell 8/9 - tabdpt_classifier_artifact_inference-23...
Running stage 'predict' in the isolated environment; log: /content/dimer_runs/tabdpt_classifier_artifact_inference/1da84e9b607d/logs/predict.log
Requested context_size: 512 effective support rows <= 455
 row_id prediction  proba_benign  proba_malignant
    120     benign        0.9998           0.0002
    250  malignant        0.0001           0.9999
    375     benign        0.9950           0.0050
     99  malignant        0.1658           0.8342
    455     benign        0.8048           0.1952
    318     benign        0.9988           0.0012
     39  malignant        0.2296           0.7704
    371     benign        0.9999           0.0001
{
  "verdict": "not-measurable",
  "sample_kind": "sample",
  "reason": "no labelled holdout rows were supplied for the scored table"
}
['tabdpt_classifier_artifact_inference_evaluation_report.json', 'tabdpt_classifier_artifact_inference_input_manifest.json', 'tabdpt_classifier_artifact_inference_predictions.csv', 'tabdpt_classifier_artifact_inference_result.json']
[colab] Executing cell 9/9 - tabdpt_classifier_artifact_inference-26...
Optional activity skipped: tick RUN_ACTIVITY to run it. The canonical outputs are complete.
[colab] Saving notebook with outputs to '/home/kurt/colab-runs/tabdpt-classifier-pipeline-ff8415b-756b64/tabdpt_classifier_artifact_inference_colab_ff8415b_colab-cli-t4_output.ipynb'...
